[transformers] PyTorch was not found. Models won't be available and only tokenizers, configuration and file/data utilities can be used.
Fetching 6 files:   0%|          | 0/6 [00:00<?, ?it/s]Fetching 6 files: 100%|██████████| 6/6 [00:00<00:00, 2544.57it/s]
  host read: 22.11 GB text, skipped ~1.15 GB of vision/audio towers

sliding_window=1024, prompt=1536 tokens (window binds)
Warning: You are sending unauthenticated requests to the HF Hub. Please set a HF_TOKEN to enable higher rate limits and faster downloads.
  captured 60 layers

  layer    type   sink mass  reachable?  top key  top mass
      0    slid    0.000000       False     1534    0.2596
      1    slid    0.000000       False     1534    0.1747
      2    slid    0.000000       False     1534    0.2644
      5    full    0.346049        True        0    0.3357
     11    full    0.439708        True        0    0.4350
     17    full    0.378708        True        0    0.3308
     23    full    0.225235        True        0    0.1154
     29    full    0.176817        True        0    0.1466
     35    full    0.190868        True      416    0.1297
     41    full    0.115432        True        2    0.0766
     47    full    0.091186        True        1    0.0457
     53    full    0.102118        True        3    0.0932
     58    slid    0.000000       False     1535    0.1216
     59    full    0.299227        True        0    0.1933

  mean attention mass on positions 0..1, last query:
    sliding (n=50): 0.000000
    full    (n=10): 0.236535   (sliding is exactly 0)
    full-attention layers whose TOP key is the sink: 70%

Wrote gemma4_31b_sink_reach.json
